Microchip MPLAB XC8 Compiler V1.38 ()

Linker command line:

-W-3 --edf=C:\Program Files (x86)\Microchip\xc8\v1.38\dat\en_msgs.txt -cs \
  -h+dist/default/production\RT01-Logic_RV2_-20.01.18.X.production.sym \
  --cmf=dist/default/production\RT01-Logic_RV2_-20.01.18.X.production.cmf \
  -z -Q18F67K22 -oC:\Users\rajesh.m\AppData\Local\Temp\s6u8.2 \
  -Mdist/default/production/RT01-Logic_RV2_-20.01.18.X.production.map -E1 \
  -ver=XC8 -ASTACK=06BAh-0f15h -pstack=STACK -ACODE=00h-01FFFFh \
  -ACONST=00h-01FFFFh -ASMALLCONST=01000h-010FFhx496 \
  -AMEDIUMCONST=01000h-0FFFFh,011000h-01FFFFh -ACOMRAM=01h-05Fh \
  -AABS1=00h-0F15h -ABIGRAM=01h-0F15h \
  -ARAM=060h-0FFh,0100h-01FFhx14,0F00h-0F15h -ABANK0=060h-0FFh \
  -ABANK1=0100h-01FFh -ABANK2=0200h-02FFh -ABANK3=0300h-03FFh \
  -ABANK4=0400h-04FFh -ABANK5=0500h-05FFh -ABANK6=0600h-06FFh \
  -ABANK7=0700h-07FFh -ABANK8=0800h-08FFh -ABANK9=0900h-09FFh \
  -ABANK10=0A00h-0AFFh -ABANK11=0B00h-0BFFh -ABANK12=0C00h-0CFFh \
  -ABANK13=0D00h-0DFFh -ABANK14=0E00h-0EFFh -ABANK15=0F00h-0F15h \
  -ASFR=0F16h-0F5Fh,0F60h-0FFFh \
  -preset_vec=00h,intcode=08h,intcodelo,powerup,init,end_init \
  -pramtop=01000h -psmallconst=SMALLCONST -pmediumconst=MEDIUMCONST \
  -pconst=CONST -AFARRAM=00h-00h -ACONFIG=0300000h-030000Dh -pconfig=CONFIG \
  -AIDLOC=0200000h-0200007h -pidloc=IDLOC -AEEDATA=0F00000h-0F003FFh \
  -peeprom_data=EEDATA \
  -prdata=COMRAM,nvrram=COMRAM,nvbit=COMRAM,rbss=COMRAM,rbit=COMRAM \
  -pfarbss=FARRAM,fardata=FARRAM,nvFARRAM=FARRAM \
  -pintsave_regs=BIGRAM,bigbss=BIGRAM,bigdata=BIGRAM -pbss=RAM \
  -pidata=CODE,irdata=CODE,ibigdata=CODE,ifardata=CODE -prparam=COMRAM \
  C:\Users\rajesh.m\AppData\Local\Temp\s6u8.obj \
  dist/default/production\RT01-Logic_RV2_-20.01.18.X.production.obj 

Object code version is 3.11

Machine type is 18F67K22

Call graph: (short form)




                Name                               Link     Load   Length Selector   Space Scale
C:\Users\rajesh.m\AppData\Local\Temp\s6u8.obj
                end_init                            42A      42A        4        4       0
                reset_vec                             0        0        4        0       0
                idloc                            200000   200000        8   200000       0
                config                           300000   300000        E   300000       0
dist/default/production\RT01-Logic_RV2_-20.01.18.X.production.obj
                intcode                               8        8      422        4       0
                temp                                 43       43        1        1       1
                mediumconst                        FB78     FB78      488     7DBC       0
                text144                           19EFA    19EFA       7A     8000       0
                text143                           1A9C4    1A9C4       18     8000       0
                text142                           1AAD6    1AAD6        A     8000       0
                text141                           19C5C    19C5C       90     8000       0
                text140                           151E2    151E2      354     8000       0
                text139                           197EE    197EE       AE     8000       0
                text138                           1A65E    1A65E       38     8000       0
                text136                           19740    19740       AE     8000       0
                text135                           17F12    17F12      14C     8000       0
                text134                           1A7C0    1A7C0       30     8000       0
                text133                           15FC8    15FC8      268     8000       0
                text132                           1A552    1A552       4C     8000       0
                text131                           17B06    17B06      15E     8000       0
                text130                           1A696    1A696       36     8000       0
                text129                           18A1C    18A1C       F4     8000       0
                text128                           19A8E    19A8E       9E     8000       0
                text127                           19012    19012       C8     8000       0
                text126                           181A6    181A6      144     8000       0
                text125                           19F74    19F74       78     8000       0
                text124                           18732    18732       FA     8000       0
                text123                           15AC2    15AC2      298     8000       0
                text122                           1919C    1919C       C0     8000       0
                text121                           129C2    129C2      7D6     8000       0
                text120                           16B00    16B00      22E     8000       0
                text119                           1852C    1852C      10C     8000       0
                text118                           16D2E    16D2E      1D6     8000       0
                text117                           1A908    1A908       24     8000       0
                text116                           14E7C    14E7C      366     8000       0
                text115                           1AA2E    1AA2E        E     8000       0
                text114                           1AAF8    1AAF8        8     8000       0
                text113                           1AAF0    1AAF0        8     8000       0
                text112                           1AACC    1AACC        A     8000       0
                text111                           1AAC2    1AAC2        A     8000       0
                text110                           1AA84    1AA84        C     8000       0
                text109                           1A5E2    1A5E2       40     8000       0
                text108                           1AB06    1AB06        6     8000       0
                text107                           1AAB8    1AAB8        A     8000       0
                text106                           19E80    19E80       7A     8000       0
                text105                           1AAAE    1AAAE        A     8000       0
                text104                           1A790    1A790       30     8000       0
                text103                           179A0    179A0      166     8000       0
                text102                           16F04    16F04      1BE     8000       0
                text101                           16230    16230      246     8000       0
                text100                           190DA    190DA       C2     8000       0
                text99                            170C2    170C2      190     8000       0
                text98                            1A760    1A760       30     8000       0
                text97                            1AA78    1AA78        C     8000       0
                text96                            199F0    199F0       9E     8000       0
                text95                            1AA10    1AA10       10     8000       0
                text94                            1AAE8    1AAE8        8     8000       0
                text93                            1AAE0    1AAE0        8     8000       0
                text92                            1A9EE    1A9EE       12     8000       0
                text91                            1AA00    1AA00       10     8000       0
                text90                            1A96C    1A96C       20     8000       0
                text89                            121EC    121EC      7D6     8000       0
                text88                            168D2    168D2      22E     8000       0
                text87                            1A622    1A622       3C     8000       0
                text86                            1AB0C    1AB0C        4     8000       0
                text85                            1A730    1A730       30     8000       0
                text84                            18638    18638       FA     8000       0
                text83                            18924    18924       F8     8000       0
                text82                            1AB00    1AB00        6     8000       0
                text81                            173E0    173E0      17C     8000       0
                text80                            1A898    1A898       28     8000       0
                text79                            1A700    1A700       30     8000       0
                text78                            166A4    166A4      22E     8000       0
                text77                            1A1B8    1A1B8       64     8000       0
                text76                            18B10    18B10       E2     8000       0
                text75                            1A27E    1A27E       62     8000       0
                text74                            1A4FE    1A4FE       54     8000       0
                text73                            19D7A    19D7A       84     8000       0
                text72                            1A3F4    1A3F4       5C     8000       0
                text71                            1A398    1A398       5C     8000       0
                text70                            17838    17838      168     8000       0
                text69                            1805E    1805E      148     8000       0
                text68                            1A94C    1A94C       20     8000       0
                text67                            176D0    176D0      168     8000       0
                text66                            1A8E4    1A8E4       24     8000       0
                text65                            18420    18420      10C     8000       0
                text64                            1A21C    1A21C       62     8000       0
                text63                            1A450    1A450       5A     8000       0
                text62                            19692    19692       AE     8000       0
                text61                            182EA    182EA      136     8000       0
                text60                            195E0    195E0       B2     8000       0
                text59                            19314    19314       B6     8000       0
                text58                            1A33C    1A33C       5C     8000       0
                text57                            1A4AA    1A4AA       54     8000       0
                text56                            1952E    1952E       B2     8000       0
                text55                            1A2E0    1A2E0       5C     8000       0
                text54                            1A062    1A062       74     8000       0
                text53                            1A59E    1A59E       44     8000       0
                text52                            1755C    1755C      174     8000       0
                text51                            18E76    18E76       D0     8000       0
                text50                            18BF2    18BF2       DA     8000       0
                text49                            15536    15536      2DE     8000       0
                text48                            18F46    18F46       CC     8000       0
                text47                            19948    19948       A8     8000       0
                text46                            1947C    1947C       B2     8000       0
                text45                            1A92C    1A92C       20     8000       0
                text44                            1925C    1925C       B8     8000       0
                text43                            1A7F0    1A7F0       2C     8000       0
                text42                            1A846    1A846       2A     8000       0
                text41                            1A81C    1A81C       2A     8000       0
                text40                            1A9DC    1A9DC       12     8000       0
                text39                            1882C    1882C       F8     8000       0
                text38                            1AAA4    1AAA4        A     8000       0
                text37                            18DA2    18DA2       D4     8000       0
                text36                            1AA9A    1AA9A        A     8000       0
                text35                            1AA90    1AA90        A     8000       0
                text34                            1A870    1A870       28     8000       0
                text33                            1989C    1989C       AC     8000       0
                text32                            19CEC    19CEC       8E     8000       0
                text31                            19BC8    19BC8       94     8000       0
                text30                            19FEC    19FEC       76     8000       0
                text29                            17DC0    17DC0      152     8000       0
                text28                            17C64    17C64      15C     8000       0
                text27                            19B2C    19B2C       9C     8000       0
                text26                            1A148    1A148       70     8000       0
                text25                            15814    15814      2AE     8000       0
                text24                            1A98C    1A98C       1E     8000       0
                text23                            1AA6C    1AA6C        C     8000       0
                text22                            13E46    13E46      4B2     8000       0
                text21                            10D34    10D34      CE2     8000       0
                text20                            1A6CC    1A6CC       34     8000       0
                text19                            1AA60    1AA60        C     8000       0
                text18                            13198    13198      73C     8000       0
                text17                            10000    10000      D34     8000       0
                text16                            1A0D6    1A0D6       72     8000       0
                text15                            19DFE    19DFE       82     8000       0
                text14                            142F8    142F8      432     8000       0
                text13                            18CCC    18CCC       D6     8000       0
                text12                            1AA20    1AA20        E     8000       0
                text11                            1AA54    1AA54        C     8000       0
                text10                            1472A    1472A      3B4     8000       0
                text9                             1AA48    1AA48        C     8000       0
                text8                             138D4    138D4      572     8000       0
                text7                             14ADE    14ADE      39E     8000       0
                text6                             15D5A    15D5A      26E     8000       0
                text5                             1AA3C    1AA3C        C     8000       0
                text4                             11A16    11A16      7D6     8000       0
                text3                             16476    16476      22E     8000       0
                text2                             1A8C0    1A8C0       24     8000       0
                text1                             1A9AA    1A9AA       1A     8000       0
                text0                             17252    17252      18E     8000       0
                cstackCOMRAM                          1        1       26        1       1
                cstackBANK0                          60       60       6F       60       1
                cstackBANK6                         666      666       54      600       1
                bssBANK6                            600      600       66      600       1
                dataBANK5                           5FD      5FD        2      500       1
                bssBANK5                            500      500       FD      500       1
                bssBANK4                            400      400       FF      400       1
                bssBANK3                            300      300      100      300       1
                bssBANK2                            200      200      100      200       1
                dataBANK1                           1FE      1FE        2      100       1
                bssBANK1                            100      100       FE      100       1
                bssBANK0                             CF       CF        B       60       1
                bssCOMRAM                            27       27       1C        1       1
                cinit                             193CA    193CA       B2     8000       0
                idataBANK5                        1AB12    1AB12        2     8000       0
                idataBANK1                        1AB10    1AB10        2     8000       0

TOTAL           Name                               Link     Load   Length     Space
        CLASS   STACK          

        CLASS   CODE           
                end_init                            42A      42A        4         0
                intcode                               8        8      422         0
                reset_vec                             0        0        4         0
                text144                           19EFA    19EFA       7A         0
                text143                           1A9C4    1A9C4       18         0
                text142                           1AAD6    1AAD6        A         0
                text141                           19C5C    19C5C       90         0
                text140                           151E2    151E2      354         0
                text139                           197EE    197EE       AE         0
                text138                           1A65E    1A65E       38         0
                text136                           19740    19740       AE         0
                text135                           17F12    17F12      14C         0
                text134                           1A7C0    1A7C0       30         0
                text133                           15FC8    15FC8      268         0
                text132                           1A552    1A552       4C         0
                text131                           17B06    17B06      15E         0
                text130                           1A696    1A696       36         0
                text129                           18A1C    18A1C       F4         0
                text128                           19A8E    19A8E       9E         0
                text127                           19012    19012       C8         0
                text126                           181A6    181A6      144         0
                text125                           19F74    19F74       78         0
                text124                           18732    18732       FA         0
                text123                           15AC2    15AC2      298         0
                text122                           1919C    1919C       C0         0
                text121                           129C2    129C2      7D6         0
                text120                           16B00    16B00      22E         0
                text119                           1852C    1852C      10C         0
                text118                           16D2E    16D2E      1D6         0
                text117                           1A908    1A908       24         0
                text116                           14E7C    14E7C      366         0
                text115                           1AA2E    1AA2E        E         0
                text114                           1AAF8    1AAF8        8         0
                text113                           1AAF0    1AAF0        8         0
                text112                           1AACC    1AACC        A         0
                text111                           1AAC2    1AAC2        A         0
                text110                           1AA84    1AA84        C         0
                text109                           1A5E2    1A5E2       40         0
                text108                           1AB06    1AB06        6         0
                text107                           1AAB8    1AAB8        A         0
                text106                           19E80    19E80       7A         0
                text105                           1AAAE    1AAAE        A         0
                text104                           1A790    1A790       30         0
                text103                           179A0    179A0      166         0
                text102                           16F04    16F04      1BE         0
                text101                           16230    16230      246         0
                text100                           190DA    190DA       C2         0
                text99                            170C2    170C2      190         0
                text98                            1A760    1A760       30         0
                text97                            1AA78    1AA78        C         0
                text96                            199F0    199F0       9E         0
                text95                            1AA10    1AA10       10         0
                text94                            1AAE8    1AAE8        8         0
                text93                            1AAE0    1AAE0        8         0
                text92                            1A9EE    1A9EE       12         0
                text91                            1AA00    1AA00       10         0
                text90                            1A96C    1A96C       20         0
                text89                            121EC    121EC      7D6         0
                text88                            168D2    168D2      22E         0
                text87                            1A622    1A622       3C         0
                text86                            1AB0C    1AB0C        4         0
                text85                            1A730    1A730       30         0
                text84                            18638    18638       FA         0
                text83                            18924    18924       F8         0
                text82                            1AB00    1AB00        6         0
                text81                            173E0    173E0      17C         0
                text80                            1A898    1A898       28         0
                text79                            1A700    1A700       30         0
                text78                            166A4    166A4      22E         0
                text77                            1A1B8    1A1B8       64         0
                text76                            18B10    18B10       E2         0
                text75                            1A27E    1A27E       62         0
                text74                            1A4FE    1A4FE       54         0
                text73                            19D7A    19D7A       84         0
                text72                            1A3F4    1A3F4       5C         0
                text71                            1A398    1A398       5C         0
                text70                            17838    17838      168         0
                text69                            1805E    1805E      148         0
                text68                            1A94C    1A94C       20         0
                text67                            176D0    176D0      168         0
                text66                            1A8E4    1A8E4       24         0
                text65                            18420    18420      10C         0
                text64                            1A21C    1A21C       62         0
                text63                            1A450    1A450       5A         0
                text62                            19692    19692       AE         0
                text61                            182EA    182EA      136         0
                text60                            195E0    195E0       B2         0
                text59                            19314    19314       B6         0
                text58                            1A33C    1A33C       5C         0
                text57                            1A4AA    1A4AA       54         0
                text56                            1952E    1952E       B2         0
                text55                            1A2E0    1A2E0       5C         0
                text54                            1A062    1A062       74         0
                text53                            1A59E    1A59E       44         0
                text52                            1755C    1755C      174         0
                text51                            18E76    18E76       D0         0
                text50                            18BF2    18BF2       DA         0
                text49                            15536    15536      2DE         0
                text48                            18F46    18F46       CC         0
                text47                            19948    19948       A8         0
                text46                            1947C    1947C       B2         0
                text45                            1A92C    1A92C       20         0
                text44                            1925C    1925C       B8         0
                text43                            1A7F0    1A7F0       2C         0
                text42                            1A846    1A846       2A         0
                text41                            1A81C    1A81C       2A         0
                text40                            1A9DC    1A9DC       12         0
                text39                            1882C    1882C       F8         0
                text38                            1AAA4    1AAA4        A         0
                text37                            18DA2    18DA2       D4         0
                text36                            1AA9A    1AA9A        A         0
                text35                            1AA90    1AA90        A         0
                text34                            1A870    1A870       28         0
                text33                            1989C    1989C       AC         0
                text32                            19CEC    19CEC       8E         0
                text31                            19BC8    19BC8       94         0
                text30                            19FEC    19FEC       76         0
                text29                            17DC0    17DC0      152         0
                text28                            17C64    17C64      15C         0
                text27                            19B2C    19B2C       9C         0
                text26                            1A148    1A148       70         0
                text25                            15814    15814      2AE         0
                text24                            1A98C    1A98C       1E         0
                text23                            1AA6C    1AA6C        C         0
                text22                            13E46    13E46      4B2         0
                text21                            10D34    10D34      CE2         0
                text20                            1A6CC    1A6CC       34         0
                text19                            1AA60    1AA60        C         0
                text18                            13198    13198      73C         0
                text17                            10000    10000      D34         0
                text16                            1A0D6    1A0D6       72         0
                text15                            19DFE    19DFE       82         0
                text14                            142F8    142F8      432         0
                text13                            18CCC    18CCC       D6         0
                text12                            1AA20    1AA20        E         0
                text11                            1AA54    1AA54        C         0
                text10                            1472A    1472A      3B4         0
                text9                             1AA48    1AA48        C         0
                text8                             138D4    138D4      572         0
                text7                             14ADE    14ADE      39E         0
                text6                             15D5A    15D5A      26E         0
                text5                             1AA3C    1AA3C        C         0
                text4                             11A16    11A16      7D6         0
                text3                             16476    16476      22E         0
                text2                             1A8C0    1A8C0       24         0
                text1                             1A9AA    1A9AA       1A         0
                text0                             17252    17252      18E         0
                cinit                             193CA    193CA       B2         0
                idataBANK5                        1AB12    1AB12        2         0
                idataBANK1                        1AB10    1AB10        2         0

        CLASS   CONST          

        CLASS   SMALLCONST     

        CLASS   MEDIUMCONST    
                mediumconst                        FB78     FB78      488         0

        CLASS   COMRAM         
                temp                                 43       43        1         1
                cstackCOMRAM                          1        1       26         1
                bssCOMRAM                            27       27       1C         1

        CLASS   ABS1           

        CLASS   BIGRAM         

        CLASS   RAM            

        CLASS   BANK0          
                cstackBANK0                          60       60       6F         1
                bssBANK0                             CF       CF        B         1

        CLASS   BANK1          
                dataBANK1                           1FE      1FE        2         1
                bssBANK1                            100      100       FE         1

        CLASS   BANK2          
                bssBANK2                            200      200      100         1

        CLASS   BANK3          
                bssBANK3                            300      300      100         1

        CLASS   BANK4          
                bssBANK4                            400      400       FF         1

        CLASS   BANK5          
                dataBANK5                           5FD      5FD        2         1
                bssBANK5                            500      500       FD         1

        CLASS   BANK6          
                cstackBANK6                         666      666       54         1
                bssBANK6                            600      600       66         1

        CLASS   BANK7          

        CLASS   BANK8          

        CLASS   BANK9          

        CLASS   BANK10         

        CLASS   BANK11         

        CLASS   BANK12         

        CLASS   BANK13         

        CLASS   BANK14         

        CLASS   BANK15         

        CLASS   SFR            

        CLASS   FARRAM         

        CLASS   CONFIG         
                config                           300000   300000        E         0

        CLASS   IDLOC          
                idloc                            200000   200000        8         0

        CLASS   EEDATA         



SEGMENTS        Name                           Load    Length   Top    Selector   Space  Class

                reset_vec                      000000  000004  000004         0       0  CODE    
                cstackCOMRAM                   000001  000043  000044         1       1  COMRAM  
                intcode                        000008  000426  00042E         4       0  CODE    
                cstackBANK0                    000060  00007A  0000DA        60       1  BANK0   
                bssBANK1                       000100  000100  000200       100       1  BANK1   
                bssBANK2                       000200  000100  000300       200       1  BANK2   
                bssBANK3                       000300  000100  000400       300       1  BANK3   
                bssBANK4                       000400  0000FF  0004FF       400       1  BANK4   
                bssBANK5                       000500  0000FF  0005FF       500       1  BANK5   
                bssBANK6                       000600  0000BA  0006BA       600       1  BANK6   
                mediumconst                    00FB78  000488  010000      7DBC       0  MEDIUMCO
                text17                         010000  00AB14  01AB14      8000       0  CODE    
                idloc                          200000  000008  200008    200000       0  IDLOC   
                config                         300000  00000E  30000E    300000       0  CONFIG  


UNUSED ADDRESS RANGES

        Name                Unused          Largest block    Delta
        BANK0            0000DA-0000FF               26
        BANK10           000A00-000AFF              100
        BANK11           000B00-000BFF              100
        BANK12           000C00-000CFF              100
        BANK13           000D00-000DFF              100
        BANK14           000E00-000EFF              100
        BANK15           000F00-000F15               16
        BANK4            0004FF-0004FF                1
        BANK5            0005FF-0005FF                1
        BANK6            0006BA-0006FF               46
        BANK7            000700-0007FF              100
        BANK8            000800-0008FF              100
        BANK9            000900-0009FF              100
        BIGRAM           000044-00005F               1C
                         0000DA-0000FF               26
                         0004FF-0004FF                1
                         0005FF-0005FF                1
                         0006BA-000F15              85C
        CODE             000004-000007                4
                         00042E-00FB77             F74A
                         01AB14-01FFFF             54EC
        COMRAM           000044-00005F               1C
        CONST            000004-000007                4
                         00042E-00FB77             F74A
                         01AB14-01FFFF             54EC
        EEDATA           F00000-F003FF              400
        MEDIUMCONST      001000-00FB77             EB78
                         01AB14-01FFFF             54EC
        RAM              0000DA-0000FF               26
                         0004FF-0004FF                1
                         0005FF-0005FF                1
                         0006BA-000F15              100
        SFR              000F16-000FFF               4A
        SMALLCONST       001000-00FB77              100
                         01AB14-01FFFF              100
        STACK            0006BA-000F15              85C

                                  Symbol Table

?_BCDtoI                                    cstackBANK0  00006A
?_Read_Adc                                  cstackCOMRAM 00001D
?___altoft                                  cstackBANK0  00008F
?___awdiv                                   cstackCOMRAM 000023
?___awmod                                   cstackCOMRAM 00001D
?___awtoft                                  cstackCOMRAM 000009
?___ftadd                                   cstackBANK0  000083
?___ftdiv                                   cstackBANK0  00009B
?___ftmul                                   cstackBANK0  00006A
?___ftneg                                   cstackBANK0  000079
?___ftpack                                  cstackCOMRAM 00001D
?___ftsub                                   cstackBANK0  0000A1
?___fttol                                   cstackBANK0  000080
?___lbtoft                                  cstackBANK0  000060
?___lldiv                                   cstackCOMRAM 00001D
?___llmod                                   cstackBANK0  000065
?___lltoft                                  cstackBANK0  000060
?___lwtoft                                  cstackBANK0  000060
?___wmul                                    cstackBANK0  000064
?__div_to_l_                                cstackCOMRAM 00001D
?__tdiv_to_l_                               cstackCOMRAM 00001D
?_cos                                       cstackBANK0  0000B7
?_eval_poly                                 cstackBANK0  00008F
?_floor                                     cstackBANK0  000099
?_fround                                    cstackBANK0  000079
?_int_eeprom_read                           cstackCOMRAM 00001D
?_printf                                    cstackBANK0  0000A7
?_scale                                     cstackBANK0  000079
?_sin                                       cstackBANK0  0000AA
?_sqrt                                      cstackBANK0  0000A7
?i2___ftpack                                cstackCOMRAM 000001
BCDtoI@BCD                                  cstackBANK0  00006A
BCDtoI@result                               cstackBANK0  00006F
I2C_Read@v_ackOption_u8                     cstackCOMRAM 00001D
I2C_Read@v_i2cData_u8                       cstackCOMRAM 00001E
I2C_Write@v_i2cData_u8                      cstackCOMRAM 00001D
RTC_GetDateTime@rtc                         cstackCOMRAM 00001F
Read_Adc@ch                                 cstackCOMRAM 000021
_ADCON0                                     (abs)        000FC2
_ADCON1                                     (abs)        000FC1
_ADCON2                                     (abs)        000FC0
_ADON                                       (abs)        007E10
_ADRESH                                     (abs)        000FC4
_ADRESL                                     (abs)        000FC3
_ANSEL0                                     (abs)        007928
_ANSEL1                                     (abs)        007929
_ANSEL10                                    (abs)        007922
_ANSEL11                                    (abs)        007923
_ANSEL16                                    (abs)        007918
_ANSEL17                                    (abs)        007919
_ANSEL18                                    (abs)        00791A
_ANSEL19                                    (abs)        00791B
_ANSEL2                                     (abs)        00792A
_ANSEL3                                     (abs)        00792B
_ANSEL4                                     (abs)        00792C
_ANSEL6                                     (abs)        00792E
_ANSEL8                                     (abs)        007920
_ANSEL9                                     (abs)        007921
_Avg_Current                                bssBANK6     00063C
_Avg_RYB_Current                            bssBANK1     000100
_Avg_RYB_Voltage                            bssBANK2     000200
_Avg_Voltage                                bssBANK6     00063F
_BAUDCON2bits                               (abs)        000F20
_BAUDCONbits                                (abs)        000F65
_BCDtoI                                     text37       018DA2
_BGR_Arr                                    bssBANK4     000400
_BGR_Arr_1                                  bssBANK3     0003C6
_BGR_Avg                                    bssBANK2     0002E5
_BGR_Avg_1                                  bssBANK2     000203
_BV_PS                                      bssBANK2     000284
_BV_PS_Max                                  bssBANK3     0003FC
_B_C                                        bssBANK2     000286
_B_C_Arr                                    bssBANK4     00045A
_B_C_Avg_Steps                              bssBANK4     0004DB
_B_C_Gap                                    bssBANK5     000516
_B_C_Max                                    bssBANK2     000206
_B_Curr                                     bssBANK1     000103
_B_Current                                  bssBANK5     000519
_B_Current_1                                bssBANK5     00051C
_B_Deg                                      bssBANK6     000642
_B_Gap_Ratio                                bssBANK1     000106
_B_PF_Avg                                   text121      0129C2
_B_PF_Avg$8176                              cstackBANK6  0006B1
_B_PF_Avg$8177                              cstackBANK6  0006B4
_B_PF_Avg$8178                              cstackBANK6  0006B7
_B_PF_Avg$8179                              cstackBANK6  000666
_B_PF_Avg$8180                              cstackBANK6  000669
_B_PF_Avg$8181                              cstackBANK6  00066C
_B_PF_Avg$8182                              cstackBANK6  00066F
_B_PF_Avg$8183                              cstackBANK6  000672
_B_PF_Avg$8184                              cstackBANK6  000675
_B_PF_Avg$8185                              cstackBANK6  000678
_B_PF_Avg$8186                              cstackBANK6  00067B
_B_PF_Avg$8187                              cstackBANK6  00067E
_B_PF_Avg$8188                              cstackBANK6  000681
_B_PF_Avg$8189                              cstackBANK6  000684
_B_PF_Avg$8190                              cstackBANK6  000687
_B_PF_Avg$8191                              cstackBANK6  00068A
_B_PF_Avg$8192                              cstackBANK6  00068D
_B_PF_Avg$8193                              cstackBANK6  000690
_B_PF_Avg$8194                              cstackBANK6  000693
_B_PF_Avg$8195                              cstackBANK6  000696
_B_PF_Avg$8196                              cstackBANK6  000699
_B_PF_Avg$8197                              cstackBANK6  00069C
_B_PF_Avg$8198                              cstackBANK6  00069F
_B_PF_Avg$8199                              cstackBANK6  0006A2
_B_PF_Avg$8200                              cstackBANK6  0006A5
_B_PF_Avg$8201                              cstackBANK6  0006A8
_B_PF_Avg$8202                              cstackBANK6  0006AB
_B_PF_Avg$8203                              cstackBANK6  0006AE
_B_PF_Calc                                  text120      016B00
_B_PF_Calc$8175                             cstackBANK0  0000AA
_B_PF_Flag                                  bssBANK1     000167
_B_Peak                                     bssBANK1     000133
_B_Power_Factor                             bssBANK5     00051F
_B_Rad                                      bssBANK5     000522
_B_V                                        bssBANK2     000288
_B_V_Arr                                    bssBANK4     000463
_B_V_Avg_Steps                              bssBANK4     0004DE
_B_V_Gap                                    bssBANK5     000525
_B_V_Max                                    bssBANK2     000209
_B_V_New                                    bssBANK2     00020C
_B_V_Old                                    bssBANK4     000487
_B_Volt                                     bssCOMRAM    000027
_Bcurr_New                                  bssBANK1     0001E6
_Bcurr_Old                                  bssBANK6     000645
_Bcurr_V_New                                bssBANK1     0001E9
_Bcurr_V_Old                                bssBANK2     00020F
_CCP10CON                                   (abs)        000F40
_CCP10IE                                    (abs)        007DB7
_CCP10IF                                    (abs)        007DBF
_CCP1CON                                    (abs)        000FBB
_CCP1IE                                     (abs)        007D19
_CCP1IF                                     (abs)        007D21
_CCP2CON                                    (abs)        000F4E
_CCP2IE                                     (abs)        007D1A
_CCP2IF                                     (abs)        007D22
_CCP3CON                                    (abs)        000F49
_CCP3IE                                     (abs)        007DB0
_CCP3IF                                     (abs)        007DB8
_CCP4CON                                    (abs)        000F77
_CCP4IE                                     (abs)        007DB1
_CCP4IF                                     (abs)        007DB9
_CCP5CON                                    (abs)        000F74
_CCP5IE                                     (abs)        007DB2
_CCP5IF                                     (abs)        007DBA
_CCP6CON                                    (abs)        000F71
_CCP6IE                                     (abs)        007DB3
_CCP6IF                                     (abs)        007DBB
_CCP7CON                                    (abs)        000F6E
_CCP7IE                                     (abs)        007DB4
_CCP7IF                                     (abs)        007DBC
_CCP8CON                                    (abs)        000F46
_CCP8IE                                     (abs)        007DB5
_CCP8IF                                     (abs)        007DBD
_CCPR10H                                    (abs)        000F42
_CCPR10L                                    (abs)        000F41
_CCPR1H                                     (abs)        000FBD
_CCPR1L                                     (abs)        000FBC
_CCPR2H                                     (abs)        000F50
_CCPR2L                                     (abs)        000F4F
_CCPR3H                                     (abs)        000F4B
_CCPR3L                                     (abs)        000F4A
_CCPR4H                                     (abs)        000F79
_CCPR4L                                     (abs)        000F78
_CCPR5H                                     (abs)        000F76
_CCPR5L                                     (abs)        000F75
_CCPR6H                                     (abs)        000F73
_CCPR6L                                     (abs)        000F72
_CCPR7H                                     (abs)        000F70
_CCPR7L                                     (abs)        000F6F
_CCPR8H                                     (abs)        000F48
_CCPR8L                                     (abs)        000F47
_Capacitor_Adding                           text144      019EFA
_Capacitor_Counter                          bssBANK1     000135
_Case_Call                                  dataBANK1    0001FE
_Check                                      bssBANK2     0002D4
_Communication_Error                        text77       01A1B8
_Communication_OTP                          bssCOMRAM    000035
_Cons_Gene                                  text119      01852C
_Consumption                                bssBANK2     0002D5
_DC_BUS_Current_Counter                     bssBANK1     000168
_DC_BUS_High_Counter                        bssBANK1     000169
_DC_BUS_Low_Counter                         bssBANK1     00016A
_DC_Bus_Current                             bssBANK2     000212
_DC_Bus_Voltage                             text76       018B10
_DC_Bus_Voltage_Flag                        bssBANK1     00016B
_Data                                       bssBANK6     000600
_Data_1                                     bssBANK5     000500
_Delay_counter                              bssBANK1     00016C
_Desired_Frequency                          bssBANK0     0000D5
_Dummy                                      bssBANK5     0005C1
_EEADR                                      (abs)        000F62
_EECON1bits                                 (abs)        000F7F
_EECON2                                     (abs)        000F7E
_EEDATA                                     (abs)        000F61
_EEPROM_Error_Flag                          bssCOMRAM    000036
_EEPROM_Error_Monitor                       text78       0166A4
_EEPROM_Error_Stop                          text49       015536
_EP_Errors1                                 bssCOMRAM    000037
_EP_Errors2                                 bssCOMRAM    000038
_EP_Errors3                                 bssCOMRAM    000039
_Error_Checking_Interrupt_Overflow          text142      01AAD6
_Error_Checking_One_Second                  text51       018E76
_Error_Flag_Kill                            text48       018F46
_Error_Scan_Ramp_up                         text44       01925C
_Error_Scan_Running                         text46       01947C
_Error_Scan_start_up                        text39       01882C
_Errors                                     bssCOMRAM    00003A
_Errors1                                    bssBANK1     00016D
_Errors2                                    bssBANK1     00016E
_Errors3                                    bssBANK1     00016F
_Errors4                                    bssBANK1     000170
_Errors5                                    bssBANK1     000171
_Feedback_Error                             bssBANK1     000172
_Five_Delay_counter                         bssBANK1     000173
_Five_Sec_Delay                             text43       01A7F0
_Five_Sec_Delay_vab                         bssBANK1     000174
_Five_Second_flag                           bssBANK1     000175
_Five_sec_Delay_Flag                        bssBANK2     0002D6
_Flag_temp                                  bssBANK5     0005C3
_Freq_Calc                                  text118      016D2E
_Freq_Calc$8116                             cstackBANK0  0000AA
_Freq_Flag                                  bssBANK1     000176
_Frequency                                  bssBANK1     000109
_Frequency_1                                bssBANK5     000528
_Frequency_Error_counter                    bssBANK1     000177
_GCB_phasev_flag                            bssBANK1     000178
_GCDc_high_flag                             bssBANK1     000179
_GCDc_low_flag                              bssBANK1     00017A
_GCG_rpm_flag                               bssBANK1     00017B
_GCM_slip_flag                              bssBANK1     00017C
_GCR_phasev_flag                            bssBANK1     00017D
_GCR_slip_flag                              bssBANK1     00017E
_GCT_rpm_flag                               bssBANK1     00017F
_GCWind_flag                                bssBANK1     000180
_GCY_phasev_flag                            bssBANK1     000181
_GCphase_flag                               bssBANK1     000182
_GCvfd_curr_flag                            bssBANK1     000183
_GENERATOR_RPM_THEORY                       bssBANK2     000215
_GIE                                        (abs)        007F97
_GODONE                                     (abs)        007E11
_GRPM_Cap                                   bssBANK2     00028A
_GRPM_Cap_New                               bssBANK1     000137
_GRPM_Cap_Old                               bssBANK1     000139
_GRPM_Counter                               bssBANK2     00028C
_GRPM_Frequency                             bssBANK4     0004E1
_GRPM_Pulse_width                           bssBANK2     0002F4
_GRPM_Time                                  bssBANK4     00048A
_GRPM_Time_1                                bssBANK2     0002E8
_G_RPM_Counter                              bssBANK1     000184
_G_RPM_counter                              bssBANK1     000185
_G_RPM_counter_1                            bssBANK5     0005C5
_GcDate                                     bssBANK1     000186
_GcHour                                     bssBANK1     000187
_GcMin                                      bssBANK1     000188
_GcMonth                                    bssBANK1     000189
_GcSec                                      bssBANK1     00018A
_GcYear                                     bssBANK1     00018B
_Gc_Generator_One_Fb                        bssBANK1     00018C
_Gc_Grid_Phase_Unbalance                    bssBANK1     00018D
_Gc_Grid_Phase_Unbalance_Error              bssBANK1     00018E
_Gc_Motor_Slip_Error                        bssBANK1     00018F
_Gc_Pitch_Coil_Fb                           bssBANK1     000190
_Gc_Pitch_Coil_Feedback_Error               bssBANK1     000191
_Gc_Rotor_Slip_Error                        bssBANK1     000192
_Gc_TRPM_Rampup_Error                       bssBANK1     000193
_Gc_Turbine2Wheel_Ratio_Error               bssBANK1     000194
_Gc_VFD_DC_Bus_Error                        bssBANK2     0002D7
_Gen_EP_Err_Flag                            bssBANK1     000195
_Gen_Theory                                 bssBANK2     000218
_Generator_IO_init                          text114      01AAF8
_Generator_One_Counter                      bssBANK1     000196
_Generator_One_Feedback                     text75       01A27E
_Generator_One_Feedback_Error               bssBANK1     000197
_Generator_Over_Speed                       bssBANK1     000198
_Generator_RPM                              text74       01A4FE
_Generator_RPM_0                            bssBANK5     00052B
_Generator_RPM_1                            bssBANK5     00052E
_Generator_RPM_10                           bssBANK5     000531
_Generator_RPM_2                            bssBANK5     000534
_Generator_RPM_3                            bssBANK5     000537
_Generator_RPM_4                            bssBANK5     00053A
_Generator_RPM_5                            bssBANK5     00053D
_Generator_RPM_6                            bssBANK5     000540
_Generator_RPM_7                            bssBANK5     000543
_Generator_RPM_8                            bssBANK5     000546
_Generator_RPM_9                            bssBANK5     000549
_Generator_RPM_Cal                          text116      014E7C
_Generator_RPM_FLT                          bssBANK0     0000CF
_Generator_RPM_INT                          bssBANK2     00028E
_Generator_RPM_Initiate                     text115      01AA2E
_Generator_RPM_New                          bssBANK1     00010C
_Generator_RPM_Old                          bssBANK1     00010F
_GfB_current                                bssBANK5     00054C
_GfB_volt                                   bssBANK5     00054F
_GfG_rpm                                    bssBANK5     000552
_GfKva                                      bssBANK5     000555
_GfKvar                                     bssBANK5     000558
_GfKw                                       bssBANK5     00055B
_GfR_current                                bssBANK5     00055E
_GfR_volt                                   bssBANK5     000561
_GfT_rpm                                    bssBANK5     000564
_GfY_current                                bssBANK5     000567
_GfY_volt                                   bssBANK5     00056A
_Gf_Blue_Current                            bssBANK6     000648
_Gf_Blue_Phase_Voltage                      bssBANK5     00056D
_Gf_Grid_Frequency                          bssBANK5     000570
_Gf_KW                                      bssBANK5     000573
_Gf_Motor_Slip                              bssBANK6     00064B
_Gf_Red_Current                             bssBANK5     000576
_Gf_Red_Phase_Voltage                       bssBANK5     000579
_Gf_Rotor_Slip                              bssBANK6     00064E
_Gf_TRPM_Frequency                          bssBANK5     00057C
_Gf_TRPM_Time                               bssBANK5     00057F
_Gf_TRPM_Time_1                             bssBANK5     000582
_Gf_Turbine2Wheel_Ratio                     bssBANK4     00048D
_Gf_Turbine_RPM_1                           bssBANK5     000585
_Gf_Turbine_RPM_Prev                        bssBANK5     000588
_Gf_VFD_DC_Bus_Voltage                      bssBANK6     000651
_Gf_Wind_Cut_In_Counter                     bssBANK1     000199
_Gf_Yellow_Current                          bssBANK6     000654
_Gf_Yellow_Phase_Voltage                    bssBANK5     00058B
_Gfwind                                     bssBANK5     00058E
_GiData                                     bssBANK2     000290
_GiDay                                      bssBANK5     0005C7
_GiHours                                    bssBANK2     000292
_GiHours_1                                  bssBANK1     00013B
_GiHours_2                                  bssBANK1     00013D
_GiHours_3                                  bssBANK1     00013F
_GiMinutes                                  bssBANK2     000294
_GiMinutes_1                                bssBANK1     000141
_GiMinutes_2                                bssCOMRAM    000033
_GiMinutes_3                                bssBANK1     000143
_GiMonth                                    bssBANK2     000296
_GiSeconds                                  bssBANK2     000298
_GiYear                                     bssBANK2     00029A
_Gi_TRPM_Cap                                bssBANK5     0005C9
_Gi_TRPM_Cap_New                            bssBANK5     0005CB
_Gi_TRPM_Cap_Old                            bssBANK5     0005CD
_Gi_TRPM_Pulse_width                        bssBANK5     0005CF
_Gi_Timer1_OF_counter                       bssBANK2     00029C
_Gi_Timer1_OF_counter_Generator_Temp        bssBANK2     00029E
_Grid_Frequency                             text73       019D7A
_Grid_Frequency_Error                       bssBANK1     00019A
_Grid_Maximum_Power                         text72       01A3F4
_Grid_Minimum_Power                         text71       01A398
_Grid_OV                                    text70       017838
_Grid_Ov_Counter                            bssBANK1     00019B
_Grid_Over_Current                          text69       01805E
_Grid_Over_current                          bssBANK0     0000D6
_Grid_Ovr_voltage                           bssBANK1     00019C
_Grid_Phase_Sequence                        text68       01A94C
_Grid_Phase_Sequence_Error                  bssBANK1     00019D
_Grid_UV                                    text67       0176D0
_Grid_UV_Counter                            bssBANK1     00019E
_Grid_Und_voltage                           bssBANK1     00019F
_Hours                                      bssBANK2     0002D8
_Hours_1                                    bssBANK2     0002F6
_Hours_2                                    bssBANK2     0002F8
_I2C_Init                                   text95       01AA10
_I2C_Read                                   text34       01A870
_I2C_Start                                  text94       01AAE8
_I2C_Stop                                   text93       01AAE0
_I2C_Write                                  text91       01AA00
_INTCONbits                                 (abs)        000FF2
_IO_Initiate                                text109      01A5E2
_ISR                                        intcode      000008
_Initial_Check                              bssBANK2     0002D9
_Initial_Delay_Second                       bssBANK1     000145
_KVA                                        bssBANK2     00021B
_KVA_1                                      bssBANK5     000591
_KVA_Sign                                   bssBANK1     0001A0
_KVAr                                       bssBANK4     000490
_KVAr_1                                     bssBANK5     000594
_KW                                         bssCOMRAM    000040
_KW_1                                       bssBANK5     000597
_KW_Counter                                 bssBANK1     0001A1
_KW_Counter_Max                             bssBANK1     0001A2
_KW_Maximum_Error                           bssBANK1     0001A3
_KW_Minimum_Error                           bssBANK1     0001A4
_Key_Counter                                bssBANK1     0001A5
_Key_Flag                                   bssBANK1     0001A6
_Last_3_EEPROM_ERROR_Trigger                text50       018BF2
_Last_Five_Error                            text45       01A92C
_Lead_Lag                                   bssBANK2     0002DA
_Minutes                                    bssBANK1     0001A7
_Minutes_1                                  bssBANK1     0001A8
_Mot_Frequency                              bssBANK5     0005FA
_Motor_Slip_Cal                             text65       018420
_Motor_Slip_Error_Flag                      bssBANK1     0001A9
_Motor_slip                                 bssBANK1     000112
_Motor_slip_1                               bssBANK5     00059A
_OSCCON                                     (abs)        000FD3
_OSCILLATOR                                 text108      01AB06
_OV_Counter                                 bssBANK1     0001AA
_One_Sec_Delay                              text42       01A846
_One_Sec_Delay_vab                          bssBANK1     0001AB
_One_Sec_Flag                               bssBANK1     0001AC
_One_Time_Flag                              bssBANK1     0001AD
_One_sec_Delay_Flag                         bssBANK1     0001AE
_PEIE                                       (abs)        007F96
_PF_Lead_Lag                                bssBANK2     0002DB
_PIE1bits                                   (abs)        000F9D
_PIE3bits                                   (abs)        000FA3
_PIR1bits                                   (abs)        000F9E
_PIR3bits                                   (abs)        000FA4
_PM_ADC_Initialization                      text107      01AAB8
_PM_Error_Led                               text140      0151E2
_PM_IO_Initialization                       text106      019E80
_PM_Timer_Initialization                    text105      01AAAE
_PORTD                                      (abs)        000F83
_PS                                         bssCOMRAM    00003B
_PWM_Temp                                   bssBANK4     000493
_PW_Error_Flag                              bssBANK2     0002DC
_Phase_Angle                                bssBANK1     0001AF
_Phase_Sequence                             text103      0179A0
_Phase_Sequence_Ok                          bssCOMRAM    00003C
_Pitch_Counter                              bssBANK2     0002A0
_Pitch_EP_Err_Flag                          bssBANK1     0001B0
_Pitch_FB_Error_Flag                        bssBANK0     0000D7
_Pitch_FB_Error_counter                     bssBANK1     0001B1
_Pitch_Feedback                             text64       01A21C
_Pitch_PS_ON_Function                       text63       01A450
_Pitch_Ps_Counter                           bssBANK3     0003FE
_Pitch_Release                              text87       01A622
_Pitch_Solenoid_init                        text113      01AAF0
_Pitching_FlAG                              bssBANK2     0002A2
_Power_Calc                                 text101      016230
_Power_Calc$8205                            cstackBANK0  0000C0
_Power_Calc$8206                            cstackBANK0  0000BD
_Power_Calc$8207                            cstackBANK0  0000BA
_Power_Factor                               text100      0190DA
_Power_Factor$8204                          cstackBANK0  0000AA
_Power_Meter_Error_IO                       text112      01AACC
_RA4                                        (abs)        007C04
_RA5                                        (abs)        007C05
_RAMP_UP                                    text83       018924
_RAMP_UP_GENERATOR_CUT_IN_RPM               bssBANK4     000496
_RAMP_UP_TURBINE_CUT_IN_RPM                 bssBANK4     000499
_RB0                                        (abs)        007C08
_RB1                                        (abs)        007C09
_RB2                                        (abs)        007C0A
_RB4                                        (abs)        007C0C
_RB5                                        (abs)        007C0D
_RC0                                        (abs)        007C10
_RC5                                        (abs)        007C15
_RCREG2                                     (abs)        000F1D
_RCSTA2bits                                 (abs)        000F22
_RCSTAbits                                  (abs)        000FAB
_RD0                                        (abs)        007C18
_RD1                                        (abs)        007C19
_RD2                                        (abs)        007C1A
_RE0                                        (abs)        007C20
_RE1                                        (abs)        007C21
_RE7                                        (abs)        007C27
_RF1                                        (abs)        007C29
_RF3                                        (abs)        007C2B
_RF7                                        (abs)        007C2F
_RGR_Arr                                    bssBANK3     000300
_RGR_Arr_1                                  bssBANK3     0003D5
_RGR_Avg                                    bssBANK2     0002EB
_RGR_Avg_1                                  bssBANK2     00021E
_RPM_Data_Kill                              text99       0170C2
_RPM_PWM                                    bssBANK2     0002FA
_RPM_Time                                   bssBANK1     000147
_RPM_Time_1                                 bssBANK5     0005D1
_RPM_counter                                bssBANK1     0001B2
_RS485_Data_Flag                            bssBANK1     0001B3
_RS485_Data_communication                   text96       0199F0
_RTC_GetDateTime                            text33       01989C
_RTC_Init                                   text90       01A96C
_RV_PS                                      bssBANK2     0002A4
_RV_PS_Max                                  bssBANK2     0002A6
_R_C                                        bssBANK2     0002A8
_R_C_Arr                                    bssBANK4     00046C
_R_C_Avg_Steps                              bssBANK4     0004E4
_R_C_Gap                                    bssBANK4     00049C
_R_C_Max                                    bssBANK1     000115
_R_Curr                                     bssBANK1     000118
_R_Current                                  bssBANK5     00059D
_R_Current_1                                bssBANK5     0005A0
_R_Deg                                      bssBANK6     000657
_R_Gap_Ratio                                bssBANK1     00011B
_R_PF_Avg                                   text89       0121EC
_R_PF_Avg$8118                              cstackBANK6  0006B1
_R_PF_Avg$8119                              cstackBANK6  0006B4
_R_PF_Avg$8120                              cstackBANK6  0006B7
_R_PF_Avg$8121                              cstackBANK6  000666
_R_PF_Avg$8122                              cstackBANK6  000669
_R_PF_Avg$8123                              cstackBANK6  00066C
_R_PF_Avg$8124                              cstackBANK6  00066F
_R_PF_Avg$8125                              cstackBANK6  000672
_R_PF_Avg$8126                              cstackBANK6  000675
_R_PF_Avg$8127                              cstackBANK6  000678
_R_PF_Avg$8128                              cstackBANK6  00067B
_R_PF_Avg$8129                              cstackBANK6  00067E
_R_PF_Avg$8130                              cstackBANK6  000681
_R_PF_Avg$8131                              cstackBANK6  000684
_R_PF_Avg$8132                              cstackBANK6  000687
_R_PF_Avg$8133                              cstackBANK6  00068A
_R_PF_Avg$8134                              cstackBANK6  00068D
_R_PF_Avg$8135                              cstackBANK6  000690
_R_PF_Avg$8136                              cstackBANK6  000693
_R_PF_Avg$8137                              cstackBANK6  000696
_R_PF_Avg$8138                              cstackBANK6  000699
_R_PF_Avg$8139                              cstackBANK6  00069C
_R_PF_Avg$8140                              cstackBANK6  00069F
_R_PF_Avg$8141                              cstackBANK6  0006A2
_R_PF_Avg$8142                              cstackBANK6  0006A5
_R_PF_Avg$8143                              cstackBANK6  0006A8
_R_PF_Avg$8144                              cstackBANK6  0006AB
_R_PF_Avg$8145                              cstackBANK6  0006AE
_R_PF_Calc                                  text88       0168D2
_R_PF_Calc$8117                             cstackBANK0  0000AA
_R_PF_Flag                                  bssBANK1     0001B4
_R_Peak                                     bssBANK1     000149
_R_Power_Factor                             bssBANK4     00049F
_R_Rad                                      bssBANK4     0004A2
_R_V                                        bssBANK2     0002AA
_R_V_Arr                                    bssBANK3     0003F3
_R_V_Avg_Steps                              bssBANK4     0004E7
_R_V_Gap                                    bssBANK4     0004A5
_R_V_Max                                    bssBANK1     00011E
_R_V_New                                    bssBANK1     0001EC
_R_V_Old                                    bssBANK1     000121
_R_Volt                                     bssCOMRAM    00002A
_Ramp_Up_Slip                               text62       019692
_Ramp_Up_Slip_Error_Trigger                 text61       0182EA
_Rampup_state_function                      text82       01AB00
_Rcurr_New                                  bssBANK1     0001EF
_Rcurr_Old                                  bssBANK6     00065A
_Rcurr_V_New                                bssBANK1     0001F2
_Rcurr_V_Old                                bssBANK2     000221
_Read_Adc                                   text104      01A790
_Rotor_Slip_Cal                             text60       0195E0
_Rotor_Slip_Error_Flag                      bssBANK1     0001B5
_Rotor_slip                                 bssBANK1     000124
_Rotor_slip_1                               bssBANK5     0005A3
_SPBRG1                                     (abs)        000FAF
_SPBRG2                                     (abs)        000F1E
_SSP1ADD                                    (abs)        000FC8
_SSP1BUF                                    (abs)        000FC9
_SSP1CON1                                   (abs)        000FC6
_SSP1CON2bits                               (abs)        000FC5
_SSP1STAT                                   (abs)        000FC7
_SSP1STATbits                               (abs)        000FC7
_S_S_Counter                                bssBANK1     0001B6
_Serial_No                                  bssBANK1     00014B
_Slave_Id                                   bssBANK5     0005D3
_Slip_Error_Counter                         bssBANK1     0001B7
_Slip_Error_Counter_1                       bssBANK1     0001B8
_Slip_Flag                                  bssBANK1     0001B9
_Start_Stop                                 text59       019314
_Start_Stop_Flag                            bssCOMRAM    00003D
_Start_Stop_Flag_1                          bssBANK2     0002DD
_Start_up_Error                             dataBANK1    0001FF
_Stopping_Counter                           bssBANK1     0001BA
_Stopping_state_function                    text47       019948
_T0CON                                      (abs)        000FD5
_T1                                         bssBANK5     0005D5
_T1CKPS0                                    (abs)        007E6C
_T1CKPS1                                    (abs)        007E6D
_T1CONbits                                  (abs)        000FCD
_T7CON                                      (abs)        000F3D
_TEMP_1                                     bssBANK5     0005D7
_TMR0IE                                     (abs)        007F95
_TMR0IF                                     (abs)        007F92
_TMR1IE                                     (abs)        007CE8
_TMR1IF                                     (abs)        007CF0
_TMR1ON                                     (abs)        007E68
_TMR7IE                                     (abs)        007DCB
_TMR7IF                                     (abs)        007DD3
_TRISA4                                     (abs)        007C94
_TRISA5                                     (abs)        007C95
_TRISAbits                                  (abs)        000F92
_TRISB0                                     (abs)        007C98
_TRISB1                                     (abs)        007C99
_TRISB2                                     (abs)        007C9A
_TRISB4                                     (abs)        007C9C
_TRISB5                                     (abs)        007C9D
_TRISC0                                     (abs)        007CA0
_TRISC2                                     (abs)        007CA2
_TRISC3                                     (abs)        007CA3
_TRISC4                                     (abs)        007CA4
_TRISC5                                     (abs)        007CA5
_TRISCbits                                  (abs)        000F94
_TRISD0                                     (abs)        007CA8
_TRISD1                                     (abs)        007CA9
_TRISD2                                     (abs)        007CAA
_TRISE0                                     (abs)        007CB0
_TRISE1                                     (abs)        007CB1
_TRISE3                                     (abs)        007CB3
_TRISE7                                     (abs)        007CB7
_TRISEbits                                  (abs)        000F96
_TRISF1                                     (abs)        007CB9
_TRISF3                                     (abs)        007CBB
_TRISF4                                     (abs)        007CBC
_TRISFbits                                  (abs)        000F97
_TRISGbits                                  (abs)        000F98
_TRPM_Cal                                   bssBANK1     0001BB
_TRPM_Cap_New                               bssBANK1     00014D
_TRPM_Cap_Old                               bssBANK1     00014F
_TRPM_Frequency                             bssBANK4     0004EA
_TRPM_OverSpeed_Counter                     bssBANK1     0001BC
_TRPM_Time                                  bssBANK4     0004ED
_TRPM_Under_Speed_Counter                   bssBANK1     0001BD
_TURBINE_RPM_THEORY                         bssBANK4     0004A8
_TX1IF                                      (abs)        007CF4
_TX2IF                                      (abs)        007D24
_TXIF                                       (abs)        007CF4
_TXREG                                      (abs)        000FAD
_TXREG1                                     (abs)        000FAD
_TXREG2                                     (abs)        000F1C
_TXSTA2bits                                 (abs)        000F21
_TXSTAbits                                  (abs)        000FAC
_T_Overload_counter                         bssBANK1     0001BE
_T_RPM_counter                              bssBANK1     0001BF
_Temp                                       bssBANK2     000224
_Temp_1                                     bssBANK2     0002DE
_Temp_2                                     bssBANK2     0002DF
_Temp_3                                     bssBANK2     0002E0
_Temp_4                                     bssBANK2     0002E1
_Temp_5                                     bssBANK2     0002E2
_Temp_6                                     bssBANK2     0002E3
_Temp_Arr                                   bssBANK3     0003B4
_Temp_Read                                  text81       0173E0
_Temp_Read$8111                             cstackBANK0  0000AA
_Temp_Read$8112                             cstackBANK0  0000AD
_Temp_Read$8113                             cstackBANK0  0000B0
_Temp_Read$8114                             cstackBANK0  0000B3
_Temp_Sensor                                bssBANK2     0002AC
_Temp_sign                                  bssBANK5     0005A6
_Temperature_Avg                            bssBANK6     00065D
_Temprature                                 bssBANK2     000227
_Ten_Sec_Counter                            bssBANK1     0001C0
_Ten_Sec_Counter_2                          bssBANK1     0001C1
_Ten_Sec_RampUp_Flag                        bssBANK1     0001C2
_Time_Diff                                  bssBANK4     0004F0
_Time_New                                   bssBANK1     0001F5
_Time_Old                                   bssBANK2     00022A
_Timer0_1Sec_Flag                           bssBANK2     0002AE
_Timer0_Falg1                               bssBANK1     0001C3
_Timer0_Falg2                               bssBANK1     0001C4
_Timer0_OneSecond_Function                  text13       018CCC
_Timer0_RAMPUP_Counter                      bssBANK1     0001C5
_Timer0_RS485_flag                          bssBANK5     0005D9
_Timer0_counter                             bssBANK5     0005DB
_Timer1_Initiate                            text12       01AA20
_Timer1_OF_counter_Generator                bssBANK2     0002B0
_Timer1_OF_counter_Generator_New            bssBANK1     000151
_Timer1_OF_counter_Generator_Old            bssBANK2     0002B2
_Timer1_OF_counter_New                      bssBANK1     000153
_Timer1_OF_counter_Old                      bssBANK2     0002B4
_Timer1_OF_counter_Turbine                  bssBANK2     0002B6
_Timer1_OF_counter_Wind                     bssBANK2     0002B8
_Timer1_OF_counter_Wind_2                   bssBANK2     0002BA
_Timer1_OF_counter_Wind_2_temp              bssBANK5     0005DD
_Timer1_OF_counter_Wind_2_temp_New          bssBANK2     0002BC
_Timer1_OF_counter_Wind_2_temp_Old          bssBANK2     0002BE
_Timer1_OF_counter_Wind_temp                bssBANK2     0002C0
_Timer1_OF_counter_Wind_temp_New            bssBANK1     000155
_Timer1_OF_counter_Wind_temp_Old            bssBANK2     0002C2
_Timer1_Time_per_Count                      bssBANK5     0005A9
_Timer1_counter                             bssBANK1     000157
_Timer1_interrupt_flag                      bssBANK1     0001C6
_Timer7_Init                                text11       01AA54
_Timer_1_OverFlow_Time                      bssBANK5     0005AC
_Total_Min                                  bssBANK1     0001C7
[...]
		Unchanged: 
 Data sizes:     COMRAM   BANK0   BANK1   BANK2   BANK3   BANK4   BANK5   BANK6   BANK7   BANK8   BANK9  BANK10  BANK11  BANK12  BANK13  BANK14  BANK15
      Params:         0       0       0       0       0       0       0       0       0       0       0       0       0       0       0       0       0
      Locals:         0       0       0       0       0       0       0       0       0       0       0       0       0       0       0       0       0
      Temps:          0       0       0       0       0       0       0       0       0       0       0       0       0       0       0       0       0
      Totals:         0       0       0       0       0       0       0       0       0       0       0       0       0       0       0       0       0
Total ram usage:        0 bytes
 Hardware stack levels used:    1
 Hardware stack levels required when called:    1
 This function calls:
		i2___ftge
 This function is called by:
		_ISR
 This function uses a non-reentrant model


 *************** function i2___ftge *****************
 Defined at:
		line 4 in file "C:\Program Files (x86)\Microchip\xc8\v1.38\sources\common\ftge.c"
 Parameters:    Size  Location     Type
  ff1             3    0[COMRAM] float 
  ff2             3    3[COMRAM] float 
 Auto vars:     Size  Location     Type
		None
 Return value:  Size  Location     Type
		None               void
 Registers used:
		wreg, status,2, status,0
 Tracked objects:
		On entry : 
		On exit  : 
		Unchanged: 
 Data sizes:     COMRAM   BANK0   BANK1   BANK2   BANK3   BANK4   BANK5   BANK6   BANK7   BANK8   BANK9  BANK10  BANK11  BANK12  BANK13  BANK14  BANK15
      Params:         6       0       0       0       0       0       0       0       0       0       0       0       0       0       0       0       0
      Locals:         0       0       0       0       0       0       0       0       0       0       0       0       0       0       0       0       0
      Temps:          3       0       0       0       0       0       0       0       0       0       0       0       0       0       0       0       0
      Totals:         9       0       0       0       0       0       0       0       0       0       0       0       0       0       0       0       0
Total ram usage:        9 bytes
 Hardware stack levels used:    1
 This function calls:
		Nothing
 This function is called by:
		_PM_Error_Led
 This function uses a non-reentrant model


 *************** function _Error_Checking_Interrupt_Overflow *****************
 Defined at:
		line 73 in file "ERROR_HANDLING.c"
 Parameters:    Size  Location     Type
		None
 Auto vars:     Size  Location     Type
		None
 Return value:  Size  Location     Type
                  2  3828[None  ] int 
 Registers used:
		wreg, status,2, status,0, cstack
 Tracked objects:
		On entry : 
		On exit  : 
		Unchanged: 
 Data sizes:     COMRAM   BANK0   BANK1   BANK2   BANK3   BANK4   BANK5   BANK6   BANK7   BANK8   BANK9  BANK10  BANK11  BANK12  BANK13  BANK14  BANK15
      Params:         0       0       0       0       0       0       0       0       0       0       0       0       0       0       0       0       0
      Locals:         0       0       0       0       0       0       0       0       0       0       0       0       0       0       0       0       0
      Temps:          0       0       0       0       0       0       0       0       0       0       0       0       0       0       0       0       0
      Totals:         0       0       0       0       0       0       0       0       0       0       0       0       0       0       0       0       0
Total ram usage:        0 bytes
 Hardware stack levels used:    1
 Hardware stack levels required when called:    1
 This function calls:
		_Capacitor_Adding
		_VFD_IO_Error
 This function is called by:
		_ISR
 This function uses a non-reentrant model


 *************** function _VFD_IO_Error *****************
 Defined at:
		line 667 in file "ERROR_HANDLING.c"
 Parameters:    Size  Location     Type
		None
 Auto vars:     Size  Location     Type
		None
 Return value:  Size  Location     Type
                  1    wreg      void 
 Registers used:
		wreg, status,2
 Tracked objects:
		On entry : 
		On exit  : 
		Unchanged: 
 Data sizes:     COMRAM   BANK0   BANK1   BANK2   BANK3   BANK4   BANK5   BANK6   BANK7   BANK8   BANK9  BANK10  BANK11  BANK12  BANK13  BANK14  BANK15
      Params:         0       0       0       0       0       0       0       0       0       0       0       0       0       0       0       0       0
      Locals:         0       0       0       0       0       0       0       0       0       0       0       0       0       0       0       0       0
      Temps:          0       0       0       0       0       0       0       0       0       0       0       0       0       0       0       0       0
      Totals:         0       0       0       0       0       0       0       0       0       0       0       0       0       0       0       0       0
Total ram usage:        0 bytes
 Hardware stack levels used:    1
 This function calls:
		Nothing
 This function is called by:
		_Error_Checking_Interrupt_Overflow
 This function uses a non-reentrant model


 *************** function _Capacitor_Adding *****************
 Defined at:
		line 650 in file "Power_Meter.c"
 Parameters:    Size  Location     Type
		None
 Auto vars:     Size  Location     Type
		None
 Return value:  Size  Location     Type
                  1    wreg      void 
 Registers used:
		wreg, status,2, status,0
 Tracked objects:
		On entry : 
		On exit  : 
		Unchanged: 
 Data sizes:     COMRAM   BANK0   BANK1   BANK2   BANK3   BANK4   BANK5   BANK6   BANK7   BANK8   BANK9  BANK10  BANK11  BANK12  BANK13  BANK14  BANK15
      Params:         0       0       0       0       0       0       0       0       0       0       0       0       0       0       0       0       0
      Locals:         0       0       0       0       0       0       0       0       0       0       0       0       0       0       0       0       0
      Temps:          0       0       0       0       0       0       0       0       0       0       0       0       0       0       0       0       0
      Totals:         0       0       0       0       0       0       0       0       0       0       0       0       0       0       0       0       0
Total ram usage:        0 bytes
 Hardware stack levels used:    1
 This function calls:
		Nothing
 This function is called by:
		_Error_Checking_Interrupt_Overflow
 This function uses a non-reentrant model



MODULE INFORMATION

Module		Function		Class		Link	Load	Size
C:\Program Files (x86)\Microchip\xc8\v1.38\sources\common\ftsub.c
		___ftsub       		CODE           	1A552	0000	77

C:\Program Files (x86)\Microchip\xc8\v1.38\sources\common\ftsub.c estimated size: 77

C:\Program Files (x86)\Microchip\xc8\v1.38\sources\common\float.c
		___ftpack      		CODE           	19740	0000	175

C:\Program Files (x86)\Microchip\xc8\v1.38\sources\common\float.c estimated size: 175

Power_Meter.c
		_Volt_Curr_Avg 		CODE           	138D4	0000	1395
		_Cons_Gene     		CODE           	1852C	0000	269
		_PM_ADC_Initialization		CODE           	1AAB8	0000	11
		_Capacitor_Adding		CODE           	19EFA	0000	123
		_Volt_Curr_Read		CODE           	14ADE	0000	927
		_B_PF_Avg      		CODE           	129C2	0000	2007
		_PM_IO_Initialization		CODE           	19E80	0000	123
		_R_PF_Avg      		CODE           	121EC	0000	2007
		_Read_Adc      		CODE           	1A790	0000	49
		_B_PF_Calc     		CODE           	16B00	0000	559
		_Y_PF_Avg      		CODE           	11A16	0000	2007
		_Freq_Calc     		CODE           	16D2E	0000	471
		_Temp_Read     		CODE           	173E0	0000	381
		_Power_Calc    		CODE           	16230	0000	583
		_R_PF_Calc     		CODE           	168D2	0000	559
		_Power_Factor  		CODE           	190DA	0000	195
		_Phase_Sequence		CODE           	179A0	0000	359
		_Y_PF_Calc     		CODE           	16476	0000	559
		_PM_Error_Led  		CODE           	151E2	0000	853
		_PM_Timer_Initialization		CODE           	1AAAE	0000	11

Power_Meter.c estimated size: 13448

RAMP_UP.c
		_RAMP_UP       		CODE           	18924	0000	249
		_VFD_Freq_Step_up		CODE           	18638	0000	251
		_VFD_Data_Kill 		CODE           	1A730	0000	49
		_Error_Flag_Kill		CODE           	18F46	0000	205
		_VFD_PS_ON_Function		CODE           	1A062	0000	117

RAMP_UP.c estimated size: 871

C:\Program Files (x86)\Microchip\xc8\v1.38\sources\common\cos.c
		_cos           		CODE           	1919C	0000	193

C:\Program Files (x86)\Microchip\xc8\v1.38\sources\common\cos.c estimated size: 193

UART.c
		_putch         		CODE           	1AA6C	0000	13
		_usart2_init   		CODE           	1A760	0000	49
		_usart_str     		CODE           	1A6CC	0000	53
		_usart_str_1   		CODE           	1AA60	0000	13
		_usart_str_2   		CODE           	1AA78	0000	13
		_UART_Data     		CODE           	10000	0000	3381
		_usart_init    		CODE           	1A9AA	0000	27
		_UART_Data_String		CODE           	13198	0000	1853

UART.c estimated size: 5402

C:\Program Files (x86)\Microchip\xc8\v1.38\sources\common\sprcsqrt.c
		_sqrt          		CODE           	16F04	0000	447

C:\Program Files (x86)\Microchip\xc8\v1.38\sources\common\sprcsqrt.c estimated size: 447

C:\Program Files (x86)\Microchip\xc8\v1.38\sources\common\awmod.c
		___awmod       		CODE           	1A148	0000	113

C:\Program Files (x86)\Microchip\xc8\v1.38\sources\common\awmod.c estimated size: 113

C:\Program Files (x86)\Microchip\xc8\v1.38\sources\common\ftdivl.c
		__tdiv_to_l_   		CODE           	17C64	0000	349

C:\Program Files (x86)\Microchip\xc8\v1.38\sources\common\ftdivl.c estimated size: 349

SLIP_CALCULATIONS.c
		_Ramp_Up_Slip  		CODE           	19692	0000	175
		_Motor_Slip_Cal		CODE           	18420	0000	269
		_Rotor_Slip_Cal		CODE           	195E0	0000	179
		_Ramp_Up_Slip_Error_Trigger		CODE           	182EA	0000	311

SLIP_CALCULATIONS.c estimated size: 934

C:\Program Files (x86)\Microchip\xc8\v1.38\sources\common\llmod.c
		___llmod       		CODE           	19BC8	0000	149

C:\Program Files (x86)\Microchip\xc8\v1.38\sources\common\llmod.c estimated size: 149

C:\Program Files (x86)\Microchip\xc8\v1.38\sources\common\Umul16.c
		___wmul        		CODE           	1A696	0000	55

C:\Program Files (x86)\Microchip\xc8\v1.38\sources\common\Umul16.c estimated size: 55

C:\Program Files (x86)\Microchip\xc8\v1.38\sources\common\frexp.c
		_frexp         		CODE           	19F74	0000	121

C:\Program Files (x86)\Microchip\xc8\v1.38\sources\common\frexp.c estimated size: 121

C:\Program Files (x86)\Microchip\xc8\v1.38\sources\common\fldivl.c
		__div_to_l_    		CODE           	17DC0	0000	339

C:\Program Files (x86)\Microchip\xc8\v1.38\sources\common\fldivl.c estimated size: 339

state.c
		_Rampup_state_function		CODE           	1AB00	0000	7
		_startup_state_function		CODE           	1A8C0	0000	37
		_Stopping_state_function		CODE           	19948	0000	169

state.c estimated size: 213

C:\Program Files (x86)\Microchip\xc8\v1.38\sources\common\floor.c
		_floor         		CODE           	18732	0000	251

C:\Program Files (x86)\Microchip\xc8\v1.38\sources\common\floor.c estimated size: 251

C:\Program Files (x86)\Microchip\xc8\v1.38\sources\common\ftmul.c
		___ftmul       		CODE           	17B06	0000	351

C:\Program Files (x86)\Microchip\xc8\v1.38\sources\common\ftmul.c estimated size: 351

C:\Program Files (x86)\Microchip\xc8\v1.38\sources\common\ftdiv.c
		___ftdiv       		CODE           	17F12	0000	333

C:\Program Files (x86)\Microchip\xc8\v1.38\sources\common\ftdiv.c estimated size: 333

Initialization.c
		_VFD_Error_IO  		CODE           	1AA84	0000	13
		_Turbine_RPM_Initiate		CODE           	1AA48	0000	13
		_Generator_RPM_Initiate		CODE           	1AA2E	0000	15
		_Timer7_Init   		CODE           	1AA54	0000	13
		_Wind_Speed_Initiate		CODE           	1AA3C	0000	13
		_Generator_IO_init		CODE           	1AAF8	0000	9
		_Power_Meter_Error_IO		CODE           	1AACC	0000	11
		_IO_Initiate   		CODE           	1A5E2	0000	65
		_OSCILLATOR    		CODE           	1AB06	0000	7
		_VFD_Contactor_IO_init		CODE           	1AAC2	0000	11
		_Pitch_Solenoid_init		CODE           	1AAF0	0000	9
		_Timer1_Initiate		CODE           	1AA20	0000	15

Initialization.c estimated size: 194

RS485_COMMUNICATION.c
		_Communication_Error		CODE           	1A1B8	0000	101
		_RS485_Data_communication		CODE           	199F0	0000	159
		_VFD_RS485_Data		CODE           	1A0D6	0000	115
		_VFD_RS485_Data_filter		CODE           	19DFE	0000	131

RS485_COMMUNICATION.c estimated size: 506

C:\Program Files (x86)\Microchip\xc8\v1.38\sources\common\awdiv.c
		___awdiv       		CODE           	19B2C	0000	157

C:\Program Files (x86)\Microchip\xc8\v1.38\sources\common\awdiv.c estimated size: 157

C:\Program Files (x86)\Microchip\xc8\v1.38\sources\common\lldiv.c
		___lldiv       		CODE           	19CEC	0000	143

C:\Program Files (x86)\Microchip\xc8\v1.38\sources\common\lldiv.c estimated size: 143

EEPROM.c
		_int_eeprom_write		CODE           	1A700	0000	49
		_Last_3_EEPROM_ERROR_Trigger		CODE           	18BF2	0000	219
		_int_eeprom_read		CODE           	1A898	0000	41
		_EEPROM_Error_Monitor		CODE           	166A4	0000	559
		_EEPROM_Error_Stop		CODE           	15536	0000	735

EEPROM.c estimated size: 1603

C:\Program Files (x86)\Microchip\xc8\v1.38\sources\common\sin.c
		_sin           		CODE           	15AC2	0000	665

C:\Program Files (x86)\Microchip\xc8\v1.38\sources\common\sin.c estimated size: 665

C:\Program Files (x86)\Microchip\xc8\v1.38\sources\common\fttol.c
		___fttol       		CODE           	181A6	0000	325

C:\Program Files (x86)\Microchip\xc8\v1.38\sources\common\fttol.c estimated size: 325

OneSecond_Function.c
		_Turbine_Ramp_up_1_Second		CODE           	1A9DC	0000	19
		_One_Sec_Delay 		CODE           	1A846	0000	43
		_Timer0_OneSecond_Function		CODE           	18CCC	0000	215
		_Turbine_Start_up_1_Second		CODE           	1AAA4	0000	11
		_Five_Sec_Delay		CODE           	1A7F0	0000	45
		_Two_Sec_Delay 		CODE           	1A81C	0000	43

OneSecond_Function.c estimated size: 376

shared
		__powers_      		MEDIUMCONST    	FBC8	0000	40
		_dpowers       		MEDIUMCONST    	FB79	0000	41
		i2___ftge      		CODE           	19C5C	0000	145
		__npowers_     		MEDIUMCONST    	FBA1	0000	40
		i2___ftpack    		CODE           	197EE	0000	175
		__initialization		CODE           	193CA	0000	169
		sin@coeff_a    		MEDIUMCONST    	FBEF	0000	16
		sin@coeff_b    		MEDIUMCONST    	FBFE	0000	13

shared estimated size: 639

PITCHING.c
		_Pitch_PS_ON_Function		CODE           	1A450	0000	91
		_Turbine_Pitching		CODE           	1AB0C	0000	5
		_Pitch_Release 		CODE           	1A622	0000	61

PITCHING.c estimated size: 157

C:\Program Files (x86)\Microchip\xc8\v1.38\sources\common\lwtoft.c
		___lwtoft      		CODE           	1A908	0000	37

C:\Program Files (x86)\Microchip\xc8\v1.38\sources\common\lwtoft.c estimated size: 37

C:\Program Files (x86)\Microchip\xc8\v1.38\sources\common\awtoft.c
		___awtoft      		CODE           	1A65E	0000	57

C:\Program Files (x86)\Microchip\xc8\v1.38\sources\common\awtoft.c estimated size: 57

C:\Program Files (x86)\Microchip\xc8\v1.38\sources\common\lbtoft.c
		___lbtoft      		CODE           	1A8E4	0000	37

C:\Program Files (x86)\Microchip\xc8\v1.38\sources\common\lbtoft.c estimated size: 37

C:\Program Files (x86)\Microchip\xc8\v1.38\sources\common\altoft.c
		___altoft      		CODE           	19A8E	0000	159

C:\Program Files (x86)\Microchip\xc8\v1.38\sources\common\altoft.c estimated size: 159

main_Logic.c
		_main          		CODE           	17252	0000	399

main_Logic.c estimated size: 399

ERROR_HANDLING.c
		_Grid_OV       		CODE           	17838	0000	361
		_Wind_Speed_Error_Trigger		CODE           	1755C	0000	373
		_Grid_UV       		CODE           	176D0	0000	361
		_Last_Five_Error		CODE           	1A92C	0000	33
		_Start_Stop    		CODE           	19314	0000	183
		_Grid_Minimum_Power		CODE           	1A398	0000	93
		_Error_Checking_Interrupt_Overflow		CODE           	1AAD6	0000	11
		_Generator_RPM 		CODE           	1A4FE	0000	85
		_DC_Bus_Voltage		CODE           	18B10	0000	227
		_VFD_Run_Time_Error		CODE           	1A59E	0000	69
		_Error_Checking_One_Second		CODE           	18E76	0000	209
		_Grid_Over_Current		CODE           	1805E	0000	329
		_Turbine_Restore_Check		CODE           	1952E	0000	179
		_Turbine_Over_Speed		CODE           	1A4AA	0000	85
		_Grid_Frequency		CODE           	19D7A	0000	133
		_Grid_Phase_Sequence		CODE           	1A94C	0000	33
		_Error_Scan_Running		CODE           	1947C	0000	179
		_Error_Scan_start_up		CODE           	1882C	0000	249
		_Grid_Maximum_Power		CODE           	1A3F4	0000	93
		_Pitch_Feedback		CODE           	1A21C	0000	99
		_Turbine_OverLoaded_Error		CODE           	1A33C	0000	93
		_VFD_IO_Error  		CODE           	1A9C4	0000	25
		_Generator_One_Feedback		CODE           	1A27E	0000	99
		_Error_Scan_Ramp_up		CODE           	1925C	0000	185
		_Turbine_Under_speed		CODE           	1A2E0	0000	93

ERROR_HANDLING.c estimated size: 3879

C:\Program Files (x86)\Microchip\xc8\v1.38\sources\common\isdigit.c
		_isdigit       		CODE           	1A98C	0000	31

C:\Program Files (x86)\Microchip\xc8\v1.38\sources\common\isdigit.c estimated size: 31

C:\Program Files (x86)\Microchip\xc8\v1.38\sources\common\ftadd.c
		___ftadd       		CODE           	15FC8	0000	617

C:\Program Files (x86)\Microchip\xc8\v1.38\sources\common\ftadd.c estimated size: 617

ISR.c
		_ISR           		CODE           	0008	0000	1059

ISR.c estimated size: 1059

C:\Program Files (x86)\Microchip\xc8\v1.38\sources\common\evalpoly.c
		_eval_poly     		CODE           	18A1C	0000	245

C:\Program Files (x86)\Microchip\xc8\v1.38\sources\common\evalpoly.c estimated size: 245

C:\Program Files (x86)\Microchip\xc8\v1.38\sources\common\doprnt.c
		_scale         		CODE           	13E46	0000	1203
		_printf        		CODE           	10D34	0000	3299
		_fround        		CODE           	15814	0000	687

C:\Program Files (x86)\Microchip\xc8\v1.38\sources\common\doprnt.c estimated size: 5189

C:\Program Files (x86)\Microchip\xc8\v1.38\sources\common\lltoft.c
		___lltoft      		CODE           	19FEC	0000	119

C:\Program Files (x86)\Microchip\xc8\v1.38\sources\common\lltoft.c estimated size: 119

RPM_Measurement.c
		_RPM_Data_Kill 		CODE           	170C2	0000	401
		_Generator_RPM_Cal		CODE           	14E7C	0000	871
		_Wind_Average  		CODE           	142F8	0000	1075
		_Turbine_RPM_Cal		CODE           	1472A	0000	949
		_Wind_Speed_Cal		CODE           	15D5A	0000	623

RPM_Measurement.c estimated size: 3919

RTC.c
		_i2c_NoAck     		CODE           	1AA90	0000	11
		_RTC_GetDateTime		CODE           	1989C	0000	173
		_BCDtoI        		CODE           	18DA2	0000	213
		_I2C_Write     		CODE           	1AA00	0000	17
		_RTC_Init      		CODE           	1A96C	0000	33
		_I2C_Stop      		CODE           	1AAE0	0000	9
		_i2c_Ack       		CODE           	1AA9A	0000	11
		_I2C_Read      		CODE           	1A870	0000	41
		_I2C_Init      		CODE           	1AA10	0000	17
		_i2c_WaitForIdle		CODE           	1A9EE	0000	19
		_I2C_Start     		CODE           	1AAE8	0000	9

RTC.c estimated size: 553

C:\Program Files (x86)\Microchip\xc8\v1.38\sources\common\ftge.c
		___ftge        		CODE           	19012	0000	201

C:\Program Files (x86)\Microchip\xc8\v1.38\sources\common\ftge.c estimated size: 201

C:\Program Files (x86)\Microchip\xc8\v1.38\sources\common\ftneg.c
		___ftneg       		CODE           	1A7C0	0000	49

C:\Program Files (x86)\Microchip\xc8\v1.38\sources\common\ftneg.c estimated size: 49

